
> huina@0.1.0 build
> next build

тЦ▓ Next.js 16.1.6 (Turbopack)
- Environments: .env

  Creating an optimized production build ...
